* using log directory ‘/data/Documents/simACE/external/pedigree-graph/target/r/check/pedigreegraph.Rcheck’
* using R version 4.5.3 (2026-03-11)
* using platform: x86_64-conda-linux-gnu
* R was compiled by
    x86_64-conda-linux-gnu-cc (conda-forge gcc 14.3.0-19) 14.3.0
    GNU Fortran (conda-forge gcc 14.3.0-19) 14.3.0
* running under: Pop!_OS 24.04 LTS
* using session charset: UTF-8
* using options ‘--no-manual --as-cran’
* checking for file ‘pedigreegraph/DESCRIPTION’ ... OK
* this is package ‘pedigreegraph’ version ‘0.10.0’
* package encoding: UTF-8
* checking CRAN incoming feasibility ... OK
* checking package namespace information ... OK
* checking package dependencies ... OK
* checking if this is a source package ... OK
* checking if there is a namespace ... OK
* checking for executable files ... OK
* checking for hidden files and directories ... OK
* checking for portable file names ... OK
* checking for sufficient/correct file permissions ... OK
* checking whether package ‘pedigreegraph’ can be installed ... [53s/30s] OK
* used C compiler: ‘x86_64-conda-linux-gnu-cc (conda-forge gcc 15.3.0-5) 15.3.0’
* checking installed package size ... INFO
  installed size is 11.9Mb
  sub-directories of 1Mb or more:
    libs  11.8Mb
* checking package directory ... OK
* checking for future file timestamps ... NOTE
unable to verify current time
* checking DESCRIPTION meta-information ... OK
* checking top-level files ... OK
* checking for left-over files ... OK
* checking index information ... OK
* checking package subdirectories ... OK
* checking code files for non-ASCII characters ... OK
* checking R files for syntax errors ... OK
* checking whether the package can be loaded ... OK
* checking whether the package can be loaded with stated dependencies ... OK
* checking whether the package can be unloaded cleanly ... OK
* checking whether the namespace can be loaded with stated dependencies ... OK
* checking whether the namespace can be unloaded cleanly ... OK
* checking use of S3 registration ... OK
* checking dependencies in R code ... OK
* checking S3 generic/method consistency ... OK
* checking replacement functions ... OK
* checking foreign function calls ... OK
* checking R code for possible problems ... OK
* checking Rd files ... OK
* checking Rd metadata ... OK
* checking Rd line widths ... OK
* checking Rd cross-references ... OK
* checking for missing documentation entries ... OK
* checking for code/documentation mismatches ... OK
* checking Rd \usage sections ... OK
* checking Rd contents ... OK
* checking for unstated dependencies in examples ... OK
* checking line endings in C/C++/Fortran sources/headers ... OK
* checking line endings in Makefiles ... OK
* checking compilation flags in Makevars ... OK
* checking for GNU extensions in Makefiles ... OK
* checking for portable use of $(BLAS_LIBS) and $(LAPACK_LIBS) ... OK
* checking use of PKG_*FLAGS in Makefiles ... OK
* checking use of SHLIB_OPENMP_*FLAGS in Makefiles ... OK
* checking pragmas in C/C++ headers and code ... OK
* checking compilation flags used ... NOTE
Compilation used the following non-portable flag(s):
  ‘-march=nocona’
* checking compiled code ... OK
* checking Rust compilation ... OK
* checking examples ... OK
* checking for unstated dependencies in ‘tests’ ... OK
* checking tests ... [25s/14s] OK
  Running ‘testthat.R’ [24s/14s]
* checking for non-standard things in the check directory ... OK
* checking for detritus in the temp directory ... OK
* DONE
Status: 2 NOTEs
