16:27:56 INFO pedigree_summary: read 6000 rows from /tmp/consumer-gate-rmxj9x6d/pedigree.tsv in 0.01s
16:27:56 INFO pedigree_summary: parsed 6000 ids; five random ids: 1618, 1846, 3065, 3819, 5100
16:27:56 INFO pedigree_summary: sex parsed: encoding=default, female={0} (n=3006), male={1} (n=2994), unknown=0
16:27:56 INFO pedigree_summary: validated 6000 rows in 0.04s
16:27:56 INFO pedigree_summary: load+validate in 0.04s
16:27:56 INFO pedigree_summary: built PedigreeGraph in 0.00s
16:27:56 INFO pedigree_summary: size+structure in 0.00s
16:27:56 INFO pedigree_summary: sibship sizes in 0.00s
16:27:56 INFO pedigree_summary: mating-pair summary in 0.00s
16:27:56 INFO pedigree_graph._relationship_counts: relationship_counts: max_degree=5, threads=1
16:27:56 INFO pedigree_graph._relationship_counts: relationship_counts total: 0.104s
16:27:56 INFO pedigree_summary: relationship pair counts (relationship_counts) in 0.10s
16:27:56 INFO pedigree_summary: inbreeding (F + n_ancestors) in 0.00s
16:27:56 INFO pedigree_summary: descendants in 0.00s
16:27:56 INFO pedigree_graph._ne_rates: mean_kinship_by_generation: n=6000, groups=6, unlabelled=0, 0.06s
16:27:56 INFO pedigree_summary: effective size (7 estimators) in 0.08s
16:27:56 INFO pedigree_summary: individual table built in 0.03s
16:27:56 INFO pedigree_summary: aggregate pedigree sections in 0.03s
16:27:56 INFO pedigree_summary: wrote /tmp/consumer-gate-rmxj9x6d/pedsum-smoke/{summary.yaml, summary.extra.yaml}
16:27:56 INFO pedigree_summary: wrote annotated.tsv.gz in 0.04s
