[small_test/rep1] simulate started
[small_test/rep1] simulate finished in 3.7s, max RSS 205 MB, tree peak 98 MB
[small_test/rep1] cohort started
[small_test/rep1] cohort finished in 4.1s, max RSS 224 MB, tree peak 110 MB
[small_test/rep1] analyze started
[small_test/rep1] analyze finished in 9.5s, max RSS 277 MB, tree peak 145 MB
[small_test/rep2] simulate started
[small_test/rep2] simulate finished in 3.9s, max RSS 208 MB, tree peak 101 MB
[small_test/rep2] cohort started
[small_test/rep2] cohort finished in 4.1s, max RSS 224 MB, tree peak 110 MB
[small_test/rep2] analyze started
[small_test/rep2] analyze finished in 9.4s, max RSS 276 MB, tree peak 145 MB
[small_test/rep3] simulate started
[small_test/rep3] simulate finished in 3.8s, max RSS 207 MB, tree peak 100 MB
[small_test/rep3] cohort started
[small_test/rep3] cohort finished in 4.1s, max RSS 224 MB, tree peak 110 MB
[small_test/rep3] analyze started
[small_test/rep3] analyze finished in 9.5s, max RSS 276 MB, tree peak 145 MB
[small_test] summary: 3 computed
[small_test] plot started
[small_test] plot finished in 58.5s
[small_test] atlas started
[small_test] atlas finished in 5.8s
[small_test] plots: current
